
> kinetik@0.1.0 build
> next build

Γû▓ Next.js 16.1.5 (Turbopack)
- Environments: .env.local

  Creating an optimized production build ...
Γ£ô Compiled successfully in 2.7s
  Running TypeScript ...
  Collecting page data using 31 workers ...
  Generating static pages using 31 workers (0/14) ...
  Generating static pages using 31 workers (3/14) 
  Generating static pages using 31 workers (6/14) 
  Generating static pages using 31 workers (10/14) 
Γ£ô Generating static pages using 31 workers (14/14) in 691.8ms
  Finalizing page optimization ...

Route (app)
Γöî Γùï /
Γö£ Γùï /_not-found
Γö£ Γùï /applications
Γö£ Γùï /dashboard
Γö£ ╞Æ /events/[id]
Γö£ Γùï /login
Γö£ Γùï /notifications
Γö£ Γùï /onboarding
Γö£ Γùï /organizer/analytics
Γö£ Γùï /organizer/dashboard
Γö£ Γùï /organizer/events
Γö£ Γùï /profile
Γö£ Γùï /signup
Γöö ╞Æ /u/[id]


Γùï  (Static)   prerendered as static content
╞Æ  (Dynamic)  server-rendered on demand

